#
# There is insufficient memory for the Java Runtime Environment to continue.
# Native memory allocation (mmap) failed to map 266338304 bytes. Error detail: G1 virtual space
# Possible reasons:
#   The system is out of physical RAM or swap space
#   This process is running with CompressedOops enabled, and the Java Heap may be blocking the growth of the native heap
# Possible solutions:
#   Reduce memory load on the system
#   Increase physical memory or swap space
#   Check if swap backing store is full
#   Decrease Java heap size (-Xmx/-Xms)
#   Decrease number of Java threads
#   Decrease Java thread stack sizes (-Xss)
#   Set larger code cache with -XX:ReservedCodeCacheSize=
#   JVM is running with Zero Based Compressed Oops mode in which the Java heap is
#     placed in the first 32GB address space. The Java Heap base address is the
#     maximum limit for the native heap growth. Please use -XX:HeapBaseMinAddress
#     to set the Java Heap base and to place the Java Heap above 32GB virtual address.
# This output file may be truncated or incomplete.
#
#  Out of Memory Error (os_windows.cpp:3925), pid=21160, tid=13160
#
# JRE version:  (21.0.8+1) (build )
# Java VM: OpenJDK 64-Bit Server VM (21.0.8+1-b895.146, mixed mode, sharing, tiered, compressed oops, compressed class ptrs, g1 gc, windows-amd64)
# No core dump will be written. Minidumps are not enabled by default on client versions of Windows
#

---------------  S U M M A R Y ------------

Command Line: git4idea.http.GitAskPassApp Username for 'https://github.com': 

Host: Intel(R) Core(TM) i7-8665U CPU @ 1.90GHz, 8 cores, 15G,  Windows 11 , 64 bit Build 26100 (10.0.26100.7309)
Time: Tue Dec 30 14:19:27 2025 Eastern Standard Time elapsed time: 0.023528 seconds (0d 0h 0m 0s)

---------------  T H R E A D  ---------------

Current thread (0x000001eee2a65340):  JavaThread "Unknown thread" [_thread_in_vm, id=13160, stack(0x0000004b11100000,0x0000004b11200000) (1024K)]

Stack: [0x0000004b11100000,0x0000004b11200000]
Native frames: (J=compiled Java code, j=interpreted, Vv=VM code, C=native code)
V  [jvm.dll+0x6ea2e9]
V  [jvm.dll+0x8ca2d3]
V  [jvm.dll+0x8cc88e]
V  [jvm.dll+0x8ccf73]
V  [jvm.dll+0x28a656]
V  [jvm.dll+0x6e6b05]
V  [jvm.dll+0x6da31a]
V  [jvm.dll+0x36602b]
V  [jvm.dll+0x36dbf6]
V  [jvm.dll+0x3c0046]
V  [jvm.dll+0x3c0318]
V  [jvm.dll+0x33886c]
V  [jvm.dll+0x33955b]
V  [jvm.dll+0x891759]
V  [jvm.dll+0x3cd218]
V  [jvm.dll+0x87a778]
V  [jvm.dll+0x461c9e]
V  [jvm.dll+0x463981]
C  [jli.dll+0x52ab]
C  [ucrtbase.dll+0x37b0]
C  [KERNEL32.DLL+0x2e8d7]
C  [ntdll.dll+0x8c53c]


---------------  P R O C E S S  ---------------

Threads class SMR info:
_java_thread_list=0x00007ffb33c52288, length=0, elements={
}

Java Threads: ( => current thread )
Total: 0

Other Threads:
  0x000001eee4de3120 WorkerThread "GC Thread#0"                     [id=57764, stack(0x0000004b11200000,0x0000004b11300000) (1024K)]
  0x000001eee4df3e10 ConcurrentGCThread "G1 Main Marker"            [id=96388, stack(0x0000004b11300000,0x0000004b11400000) (1024K)]
  0x000001eee4df5790 WorkerThread "G1 Conc#0"                       [id=60552, stack(0x0000004b11400000,0x0000004b11500000) (1024K)]

[error occurred during error reporting (printing all threads), id 0xc0000005, EXCEPTION_ACCESS_VIOLATION (0xc0000005) at pc=0x00007ffb3333b857]
VM state: not at safepoint (not fully initialized)

VM Mutex/Monitor currently owned by a thread:  ([mutex/lock_event])
[0x00007ffb33cc6c08] Heap_lock - owner thread: 0x000001eee2a65340

Heap address: 0x0000000702e00000, size: 4050 MB, Compressed Oops mode: Zero based, Oop shift amount: 3

CDS archive(s) mapped at: [0x0000000000000000-0x0000000000000000-0x0000000000000000), size 0, SharedBaseAddress: 0x0000000800000000, ArchiveRelocationMode: 1.
Narrow klass base: 0x0000000000000000, Narrow klass shift: 0, Narrow klass range: 0x0

GC Precious Log:
 CardTable entry size: 512
 Card Set container configuration: InlinePtr #cards 4 size 8 Array Of Cards #cards 16 size 48 Howl #buckets 8 coarsen threshold 3686 Howl Bitmap #cards 512 size 80 coarsen threshold 460 Card regions per heap region 1 cards per card region 4096

Heap:
 garbage-first heap   total 0K, used 0K [0x0000000702e00000, 0x0000000800000000)
  region size 2048K, 0 young (0K), 0 survivors (0K)
 Metaspace       used 0K, committed 0K, reserved 0K
  class space    used 0K, committed 0K, reserved 0K

Heap Regions: E=young(eden), S=young(survivor), O=old, HS=humongous(starts), HC=humongous(continues), CS=collection set, F=free, TAMS=top-at-mark-start, PB=parsable bottom

Card table byte_map: [0x000001eef88e0000,0x000001eef90d0000] _byte_map_base: 0x000001eef50c9000

Marking Bits: (CMBitMap*) 0x000001eee4de3820
 Bits: [0x000001eef90d0000, 0x000001eefd018000)

GC Heap History (0 events):
No events

Dll operation events (1 events):
Event: 0.016 Loaded shared library C:\Program Files\JetBrains\IntelliJ IDEA Community Edition 2025.1\jbr\bin\java.dll

Deoptimization events (0 events):
No events

Classes loaded (0 events):
No events

Classes unloaded (0 events):
No events

Classes redefined (0 events):
No events

Internal exceptions (0 events):
No events

ZGC Phase Switch (0 events):
No events

VM Operations (0 events):
No events

Memory protections (0 events):
No events

Nmethod flushes (0 events):
No events

Events (0 events):
No events


Dynamic libraries:
0x00007ff675ec0000 - 0x00007ff675eca000 	C:\Program Files\JetBrains\IntelliJ IDEA Community Edition 2025.1\jbr\bin\java.exe
0x00007ffcbf760000 - 0x00007ffcbf9c7000 	C:\WINDOWS\SYSTEM32\ntdll.dll
0x00007ffcbe9e0000 - 0x00007ffcbeaa9000 	C:\WINDOWS\System32\KERNEL32.DLL
0x00007ffcbcf80000 - 0x00007ffcbd36f000 	C:\WINDOWS\System32\KERNELBASE.dll
0x00007ffcbccd0000 - 0x00007ffcbce1b000 	C:\WINDOWS\System32\ucrtbase.dll
0x00007ffca3730000 - 0x00007ffca374b000 	C:\Program Files\JetBrains\IntelliJ IDEA Community Edition 2025.1\jbr\bin\VCRUNTIME140.dll
0x00007ffc28f80000 - 0x00007ffc28f98000 	C:\Program Files\JetBrains\IntelliJ IDEA Community Edition 2025.1\jbr\bin\jli.dll
0x00007ffcbf450000 - 0x00007ffcbf615000 	C:\WINDOWS\System32\USER32.dll
0x00007ffc9f280000 - 0x00007ffc9f513000 	C:\WINDOWS\WinSxS\amd64_microsoft.windows.common-controls_6595b64144ccf1df_6.0.26100.7309_none_3e05feeae336a044\COMCTL32.dll
0x00007ffcbcb50000 - 0x00007ffcbcb77000 	C:\WINDOWS\System32\win32u.dll
0x00007ffcbdc30000 - 0x00007ffcbdc5b000 	C:\WINDOWS\System32\GDI32.dll
0x00007ffcbe6d0000 - 0x00007ffcbe779000 	C:\WINDOWS\System32\msvcrt.dll
0x00007ffcbca20000 - 0x00007ffcbcb4c000 	C:\WINDOWS\System32\gdi32full.dll
0x00007ffcbce20000 - 0x00007ffcbcec3000 	C:\WINDOWS\System32\msvcp_win.dll
0x00007ffcbf410000 - 0x00007ffcbf441000 	C:\WINDOWS\System32\IMM32.DLL
0x00007ffca3720000 - 0x00007ffca372c000 	C:\Program Files\JetBrains\IntelliJ IDEA Community Edition 2025.1\jbr\bin\vcruntime140_1.dll
0x00007ffc12230000 - 0x00007ffc122bd000 	C:\Program Files\JetBrains\IntelliJ IDEA Community Edition 2025.1\jbr\bin\msvcp140.dll
0x00007ffb32ff0000 - 0x00007ffb33db9000 	C:\Program Files\JetBrains\IntelliJ IDEA Community Edition 2025.1\jbr\bin\server\jvm.dll
0x00007ffcbf630000 - 0x00007ffcbf6e4000 	C:\WINDOWS\System32\ADVAPI32.dll
0x00007ffcbf050000 - 0x00007ffcbf0f6000 	C:\WINDOWS\System32\sechost.dll
0x00007ffcbf180000 - 0x00007ffcbf298000 	C:\WINDOWS\System32\RPCRT4.dll
0x00007ffcbefd0000 - 0x00007ffcbf044000 	C:\WINDOWS\System32\WS2_32.dll
0x00007ffcbc710000 - 0x00007ffcbc76e000 	C:\WINDOWS\SYSTEM32\POWRPROF.dll
0x00007ffca08f0000 - 0x00007ffca0925000 	C:\WINDOWS\SYSTEM32\WINMM.dll
0x00007ffcaaf40000 - 0x00007ffcaaf4b000 	C:\WINDOWS\SYSTEM32\VERSION.dll
0x00007ffcbc6f0000 - 0x00007ffcbc704000 	C:\WINDOWS\SYSTEM32\UMPDC.dll
0x00007ffcbb620000 - 0x00007ffcbb63b000 	C:\WINDOWS\SYSTEM32\kernel.appcore.dll
0x00007ffca3710000 - 0x00007ffca371a000 	C:\Program Files\JetBrains\IntelliJ IDEA Community Edition 2025.1\jbr\bin\jimage.dll
0x00007ffcba190000 - 0x00007ffcba3d2000 	C:\WINDOWS\SYSTEM32\DBGHELP.DLL
0x00007ffcbeab0000 - 0x00007ffcbee35000 	C:\WINDOWS\System32\combase.dll
0x00007ffcbeef0000 - 0x00007ffcbefc6000 	C:\WINDOWS\System32\OLEAUT32.dll
0x00007ffc9f220000 - 0x00007ffc9f25c000 	C:\WINDOWS\SYSTEM32\dbgcore.DLL
0x00007ffcbced0000 - 0x00007ffcbcf75000 	C:\WINDOWS\System32\bcryptPrimitives.dll
0x00007ffc27b40000 - 0x00007ffc27b60000 	C:\Program Files\JetBrains\IntelliJ IDEA Community Edition 2025.1\jbr\bin\java.dll

JVMTI agents: none

dbghelp: loaded successfully - version: 4.0.5 - missing functions: none
symbol engine: initialized successfully - sym options: 0x614 - pdb path: .;C:\Program Files\JetBrains\IntelliJ IDEA Community Edition 2025.1\jbr\bin;C:\WINDOWS\SYSTEM32;C:\WINDOWS\WinSxS\amd64_microsoft.windows.common-controls_6595b64144ccf1df_6.0.26100.7309_none_3e05feeae336a044;C:\Program Files\JetBrains\IntelliJ IDEA Community Edition 2025.1\jbr\bin\server

VM Arguments:
java_command: git4idea.http.GitAskPassApp Username for 'https://github.com': 
java_class_path (initial): C:/Program Files/JetBrains/IntelliJ IDEA Community Edition 2025.1/plugins/vcs-git/lib/git4idea-rt.jar;C:/Program Files/JetBrains/IntelliJ IDEA Community Edition 2025.1/lib/externalProcess-rt.jar
Launcher Type: SUN_STANDARD

[Global flags]
     intx CICompilerCount                          = 4                                         {product} {ergonomic}
     uint ConcGCThreads                            = 2                                         {product} {ergonomic}
     uint G1ConcRefinementThreads                  = 8                                         {product} {ergonomic}
   size_t G1HeapRegionSize                         = 2097152                                   {product} {ergonomic}
    uintx GCDrainStackTargetSize                   = 64                                        {product} {ergonomic}
   size_t InitialHeapSize                          = 266338304                                 {product} {ergonomic}
   size_t MarkStackSize                            = 4194304                                   {product} {ergonomic}
   size_t MaxHeapSize                              = 4246732800                                {product} {ergonomic}
   size_t MinHeapDeltaBytes                        = 2097152                                   {product} {ergonomic}
   size_t MinHeapSize                              = 8388608                                   {product} {ergonomic}
    uintx NonNMethodCodeHeapSize                   = 5839372                                {pd product} {ergonomic}
    uintx NonProfiledCodeHeapSize                  = 122909434                              {pd product} {ergonomic}
    uintx ProfiledCodeHeapSize                     = 122909434                              {pd product} {ergonomic}
    uintx ReservedCodeCacheSize                    = 251658240                              {pd product} {ergonomic}
     bool SegmentedCodeCache                       = true                                      {product} {ergonomic}
   size_t SoftMaxHeapSize                          = 4246732800                             {manageable} {ergonomic}
     bool UseCompressedOops                        = true                           {product lp64_product} {ergonomic}
     bool UseG1GC                                  = true                                      {product} {ergonomic}
     bool UseLargePagesIndividualAllocation        = false                                  {pd product} {ergonomic}

Logging:
Log output configuration:
 #0: stdout all=warning uptime,level,tags foldmultilines=false
 #1: stderr all=off uptime,level,tags foldmultilines=false

Environment Variables:
PATH=C:/Program Files/Git/mingw64/libexec/git-core;C:/Program Files/Git/mingw64/libexec/git-core;C:\Program Files\Git\mingw64\bin;C:\Program Files\Git\usr\bin;C:\Users\Administrator\bin;C:\Oracle\WINDOWS.X64_193000_db_home\bin;C:\Python313\Scripts\;C:\Python313\;C:\WINDOWS\system32;C:\WINDOWS;C:\WINDOWS\System32\Wbem;C:\WINDOWS\System32\WindowsPowerShell\v1.0\;C:\WINDOWS\System32\OpenSSH\;C:\Program Files\Microsoft SQL Server\150\Tools\Binn\;C:\Program Files\Microsoft SQL Server\Client SDK\ODBC\170\Tools\Binn\;C:\Program Files (x86)\Microsoft SQL Server\160\DTS\Binn\;C:\Users\Administrator\AppData\Roaming\nvm;C:\Program Files\nodejs;C:\ProgramData\chocolatey\bin;C:\Program Files (x86)\Windows Kits\10\Windows Performance Toolkit\;C:\Program Files (x86)\Microsoft SQL Server\160\Tools\Binn\;C:\Program Files\Microsoft SQL Server\160\Tools\Binn\;C:\Program Files\Microsoft SQL Server\160\DTS\Binn\;C:\Program Files\Docker\Docker\resources\bin;C:\Program Files\Git\cmd;C:\Program Files\dotnet\;C:\Users\Administrator\AppData\Local\Microsoft\WindowsApps;C:\Users\Administrator\AppData\Local\Programs\Microsoft VS Code\bin;C:\Users\Administrator\AppData\Roaming\nvm;C:\Program Files\nodejs;C:\Users\Administrator\.dotnet\tools
USERNAME=Administrator
DISPLAY=:0.0
LC_ALL=en_US.UTF-8
TERM=xterm-256color
TMPDIR=C:\Users\ADMINI~1\AppData\Local\Temp
OS=Windows_NT
PROCESSOR_IDENTIFIER=Intel64 Family 6 Model 142 Stepping 12, GenuineIntel
TMP=C:\Users\ADMINI~1\AppData\Local\Temp
TEMP=C:\Users\ADMINI~1\AppData\Local\Temp




Periodic native trim disabled

JNI global refs:
JNI global refs: 0, weak refs: 0

JNI global refs memory usage: 0, weak refs: 0

Process memory usage:
Resident Set Size: 13048K (0% of 16586964K total physical memory with 2294868K free physical memory)

OOME stack traces (most recent first):
Classloader memory used:

---------------  S Y S T E M  ---------------

OS:
 Windows 11 , 64 bit Build 26100 (10.0.26100.7309)
OS uptime: 9 days 19:45 hours
Hyper-V role detected

CPU: total 8 (initial active 8) (4 cores per cpu, 2 threads per core) family 6 model 142 stepping 12 microcode 0xfe, cx8, cmov, fxsr, ht, mmx, 3dnowpref, sse, sse2, sse3, ssse3, sse4.1, sse4.2, popcnt, lzcnt, tsc, tscinvbit, avx, avx2, aes, erms, clmul, bmi1, bmi2, adx, fma, vzeroupper, clflush, clflushopt, hv, rdtscp, f16c
Processor Information for the first 8 processors :
  Max Mhz: 2112, Current Mhz: 1910, Mhz Limit: 1900

Memory: 4k page, system-wide physical 16198M (2241M free)
TotalPageFile size 38264M (AvailPageFile size 82M)
current process WorkingSet (physical memory assigned to process): 12M, peak: 12M
current process commit charge ("private bytes"): 60M, peak: 314M

vm_info: OpenJDK 64-Bit Server VM (21.0.8+1-b895.146) for windows-amd64 JRE (21.0.8+1-b895.146), built on 2025-08-19 by "builduser" with MS VC++ 16.10 / 16.11 (VS2019)

END.
